[1mText:[0m enter some text [31m[1mâœ˜[0m[0m