[1mfoo:[0m
Filter: Type to filter choices
    a
    b
    c
    d
  [38;5;32m[1mâ–¸ [0m[0m[38;5;32;1mlastelement[0m
