[1mfoo:[0m
    AAA
â‡£ [38;5;32m[1mâ–¸ [0m[0m[38;5;32;1mBBB[0m
