[1mfoo:[0m
Filter: Type to filter choices
    a
  [38;5;32m[1mâ–¸ [0m[0m[38;5;32;1mb[0m
    c
