[1mfoo:[0m
Filter: CC                                                                               
    CCC1
  [38;5;32m[1mâ–¸ [0m[0m[38;5;32;1mCCC2[0m
