[1mfoo:[0m
Filter: Type to filter choices
â‡¡   First2
â‡£ [38;5;32m[1mâ–¸ [0m[0m[38;5;32;1mSecond1[0m
