[1mfoo:[0m
Filter: Type to filter choices
â‡¡ [38;5;32m[1mâ–¸ [0m[0m[38;5;32;1mFirst2[0m
â‡£   Second1
